// Jest Snapshot v1, https://goo.gl/fbAQLP

exports[`test components/List/Row render row 1`] = `
<View
  accessibilityComponentType={undefined}
  accessibilityLabel={undefined}
  accessibilityTraits={undefined}
  accessible={true}
  collapsable={undefined}
  hasTVPreferredFocus={undefined}
  hitSlop={undefined}
  isTVSelectable={true}
  nativeID={undefined}
  onLayout={undefined}
  onResponderGrant={[Function]}
  onResponderMove={[Function]}
  onResponderRelease={[Function]}
  onResponderTerminate={[Function]}
  onResponderTerminationRequest={[Function]}
  onStartShouldSetResponder={[Function]}
  style={
    Object {
      "opacity": 1,
    }
  }
  testID={undefined}
  tvParallaxProperties={undefined}
>
  <View
    style={
      Array [
        Object {
          "borderBottomColor": "#c8c7cc",
          "borderBottomWidth": 1,
          "flexDirection": "row",
          "paddingBottom": 10,
          "paddingLeft": 27,
          "paddingRight": 10,
          "paddingTop": 10,
        },
        undefined,
      ]
    }
  >
    <View
      style={
        Array [
          Object {
            "flexBasis": 0,
            "flexGrow": 1,
            "flexShrink": 1,
          },
          undefined,
        ]
      }
    >
      <Text
        accessible={true}
        allowFontScaling={true}
        ellipsizeMode="tail"
        numberOfLines={2}
        style={
          Array [
            Object {
              "color": "#030303",
              "fontSize": 17,
              "letterSpacing": -0.41,
            },
            undefined,
          ]
        }
      >
        test
      </Text>
      <Text
        accessible={true}
        allowFontScaling={true}
        ellipsizeMode="tail"
        numberOfLines={2}
        style={
          Array [
            Object {
              "color": "#8f8e94",
              "fontSize": 15,
              "letterSpacing": -0.24,
              "paddingTop": 5,
            },
            undefined,
          ]
        }
      >
        test2
      </Text>
    </View>
    <View
      style={
        Array [
          Object {
            "alignItems": "center",
            "justifyContent": "space-between",
            "width": 48,
          },
          undefined,
        ]
      }
    >
      <View
        style={
          Array [
            Object {
              "alignItems": "center",
              "width": 48,
            },
            undefined,
          ]
        }
      >
        <Text
          accessible={true}
          allowFontScaling={false}
          ellipsizeMode="tail"
          style={
            Array [
              Object {
                "color": "grey",
                "fontSize": 12,
              },
              Array [
                Object {
                  "fontSize": 45,
                  "marginBottom": -15,
                  "marginTop": -10,
                },
                undefined,
              ],
              Object {
                "fontFamily": "Ionicons",
                "fontStyle": "normal",
                "fontWeight": "normal",
              },
            ]
          }
        >
          Ôèò
        </Text>
        <Text
          accessible={true}
          adjustsFontSizeToFit={true}
          allowFontScaling={true}
          ellipsizeMode="tail"
          style={
            Array [
              Object {
                "color": "#8f8e94",
                "fontSize": 18,
                "letterSpacing": -0.29,
              },
              undefined,
            ]
          }
        >
          123
        </Text>
      </View>
      <Text
        accessible={true}
        allowFontScaling={true}
        ellipsizeMode="tail"
        style={
          Array [
            Object {
              "color": "green",
            },
            undefined,
          ]
        }
      >
        3:13
      </Text>
    </View>
  </View>
</View>
`;
